Archive member included to satisfy reference by file (symbol)

c:/st/stm32cubeide_1.7.0/stm32cubeide/plugins/com.st.stm32cube.ide.mcu.externaltools.gnu-tools-for-stm32.9-2020-q2-update.win32_2.0.0.202105311346/tools/bin/../lib/gcc/arm-none-eabi/9.3.1/../../../../arm-none-eabi/lib/thumb/v7-m/nofp\libc_nano.a(lib_a-errno.o)
                              ./Core/Src/syscalls.o (__errno)
c:/st/stm32cubeide_1.7.0/stm32cubeide/plugins/com.st.stm32cube.ide.mcu.externaltools.gnu-tools-for-stm32.9-2020-q2-update.win32_2.0.0.202105311346/tools/bin/../lib/gcc/arm-none-eabi/9.3.1/../../../../arm-none-eabi/lib/thumb/v7-m/nofp\libc_nano.a(lib_a-exit.o)
                              c:/st/stm32cubeide_1.7.0/stm32cubeide/plugins/com.st.stm32cube.ide.mcu.externaltools.gnu-tools-for-stm32.9-2020-q2-update.win32_2.0.0.202105311346/tools/bin/../lib/gcc/arm-none-eabi/9.3.1/../../../../arm-none-eabi/lib/thumb/v7-m/nofp/crt0.o (exit)
c:/st/stm32cubeide_1.7.0/stm32cubeide/plugins/com.st.stm32cube.ide.mcu.externaltools.gnu-tools-for-stm32.9-2020-q2-update.win32_2.0.0.202105311346/tools/bin/../lib/gcc/arm-none-eabi/9.3.1/../../../../arm-none-eabi/lib/thumb/v7-m/nofp\libc_nano.a(lib_a-impure.o)
                              c:/st/stm32cubeide_1.7.0/stm32cubeide/plugins/com.st.stm32cube.ide.mcu.externaltools.gnu-tools-for-stm32.9-2020-q2-update.win32_2.0.0.202105311346/tools/bin/../lib/gcc/arm-none-eabi/9.3.1/../../../../arm-none-eabi/lib/thumb/v7-m/nofp\libc_nano.a(lib_a-exit.o) (_global_impure_ptr)
c:/st/stm32cubeide_1.7.0/stm32cubeide/plugins/com.st.stm32cube.ide.mcu.externaltools.gnu-tools-for-stm32.9-2020-q2-update.win32_2.0.0.202105311346/tools/bin/../lib/gcc/arm-none-eabi/9.3.1/../../../../arm-none-eabi/lib/thumb/v7-m/nofp\libc_nano.a(lib_a-init.o)
                              c:/st/stm32cubeide_1.7.0/stm32cubeide/plugins/com.st.stm32cube.ide.mcu.externaltools.gnu-tools-for-stm32.9-2020-q2-update.win32_2.0.0.202105311346/tools/bin/../lib/gcc/arm-none-eabi/9.3.1/../../../../arm-none-eabi/lib/thumb/v7-m/nofp/crt0.o (__libc_init_array)
c:/st/stm32cubeide_1.7.0/stm32cubeide/plugins/com.st.stm32cube.ide.mcu.externaltools.gnu-tools-for-stm32.9-2020-q2-update.win32_2.0.0.202105311346/tools/bin/../lib/gcc/arm-none-eabi/9.3.1/../../../../arm-none-eabi/lib/thumb/v7-m/nofp\libc_nano.a(lib_a-memset.o)
                              c:/st/stm32cubeide_1.7.0/stm32cubeide/plugins/com.st.stm32cube.ide.mcu.externaltools.gnu-tools-for-stm32.9-2020-q2-update.win32_2.0.0.202105311346/tools/bin/../lib/gcc/arm-none-eabi/9.3.1/../../../../arm-none-eabi/lib/thumb/v7-m/nofp/crt0.o (memset)

Allocating common symbols
Common symbol       size              file

uwTick              0x4               ./Drivers/STM32F1xx_HAL_Driver/Src/stm32f1xx_hal.o
greenNew            0x4               ./Core/Src/global.o
pFlash              0x20              ./Drivers/STM32F1xx_HAL_Driver/Src/stm32f1xx_hal_flash.o
amberValue          0x4               ./Core/Src/global.o
greenValue          0x4               ./Core/Src/global.o
redNew              0x4               ./Core/Src/global.o
htim2               0x48              ./Core/Src/main.o
amberNew            0x4               ./Core/Src/global.o
redValue            0x4               ./Core/Src/global.o

Discarded input sections

 .text          0x0000000000000000        0x0 c:/st/stm32cubeide_1.7.0/stm32cubeide/plugins/com.st.stm32cube.ide.mcu.externaltools.gnu-tools-for-stm32.9-2020-q2-update.win32_2.0.0.202105311346/tools/bin/../lib/gcc/arm-none-eabi/9.3.1/thumb/v7-m/nofp/crti.o
 .data          0x0000000000000000        0x0 c:/st/stm32cubeide_1.7.0/stm32cubeide/plugins/com.st.stm32cube.ide.mcu.externaltools.gnu-tools-for-stm32.9-2020-q2-update.win32_2.0.0.202105311346/tools/bin/../lib/gcc/arm-none-eabi/9.3.1/thumb/v7-m/nofp/crti.o
 .bss           0x0000000000000000        0x0 c:/st/stm32cubeide_1.7.0/stm32cubeide/plugins/com.st.stm32cube.ide.mcu.externaltools.gnu-tools-for-stm32.9-2020-q2-update.win32_2.0.0.202105311346/tools/bin/../lib/gcc/arm-none-eabi/9.3.1/thumb/v7-m/nofp/crti.o
 .data          0x0000000000000000        0x4 c:/st/stm32cubeide_1.7.0/stm32cubeide/plugins/com.st.stm32cube.ide.mcu.externaltools.gnu-tools-for-stm32.9-2020-q2-update.win32_2.0.0.202105311346/tools/bin/../lib/gcc/arm-none-eabi/9.3.1/thumb/v7-m/nofp/crtbegin.o
 .text          0x0000000000000000       0x7c c:/st/stm32cubeide_1.7.0/stm32cubeide/plugins/com.st.stm32cube.ide.mcu.externaltools.gnu-tools-for-stm32.9-2020-q2-update.win32_2.0.0.202105311346/tools/bin/../lib/gcc/arm-none-eabi/9.3.1/../../../../arm-none-eabi/lib/thumb/v7-m/nofp/crt0.o
 .data          0x0000000000000000        0x0 c:/st/stm32cubeide_1.7.0/stm32cubeide/plugins/com.st.stm32cube.ide.mcu.externaltools.gnu-tools-for-stm32.9-2020-q2-update.win32_2.0.0.202105311346/tools/bin/../lib/gcc/arm-none-eabi/9.3.1/../../../../arm-none-eabi/lib/thumb/v7-m/nofp/crt0.o
[...]
Memory Configuration

Name             Origin             Length             Attributes
RAM              0x0000000020000000 0x0000000000002800 xrw
FLASH            0x0000000008000000 0x0000000000008000 xr
*default*        0x0000000000000000 0xffffffffffffffff

Linker script and memory map

LOAD c:/st/stm32cubeide_1.7.0/stm32cubeide/plugins/com.st.stm32cube.ide.mcu.externaltools.gnu-tools-for-stm32.9-2020-q2-update.win32_2.0.0.202105311346/tools/bin/../lib/gcc/arm-none-eabi/9.3.1/thumb/v7-m/nofp/crti.o
LOAD c:/st/stm32cubeide_1.7.0/stm32cubeide/plugins/com.st.stm32cube.ide.mcu.externaltools.gnu-tools-for-stm32.9-2020-q2-update.win32_2.0.0.202105311346/tools/bin/../lib/gcc/arm-none-eabi/9.3.1/thumb/v7-m/nofp/crtbegin.o
LOAD c:/st/stm32cubeide_1.7.0/stm32cubeide/plugins/com.st.stm32cube.ide.mcu.externaltools.gnu-tools-for-stm32.9-2020-q2-update.win32_2.0.0.202105311346/tools/bin/../lib/gcc/arm-none-eabi/9.3.1/../../../../arm-none-eabi/lib/thumb/v7-m/nofp/crt0.o
LOAD ./Core/Src/global.o
LOAD ./Core/Src/input_processing.o
LOAD ./Core/Src/input_reading.o
LOAD ./Core/Src/led_display.o
LOAD ./Core/Src/main.o
LOAD ./Core/Src/stm32f1xx_hal_msp.o
LOAD ./Core/Src/stm32f1xx_it.o
LOAD ./Core/Src/syscalls.o
LOAD ./Core/Src/sysmem.o
LOAD ./Core/Src/system_stm32f1xx.o
LOAD ./Core/Src/timer.o
LOAD ./Core/Startup/startup_stm32f103c6ux.o
LOAD ./Drivers/STM32F1xx_HAL_Driver/Src/stm32f1xx_hal.o
LOAD ./Drivers/STM32F1xx_HAL_Driver/Src/stm32f1xx_hal_cortex.o
LOAD ./Drivers/STM32F1xx_HAL_Driver/Src/stm32f1xx_hal_dma.o
LOAD ./Drivers/STM32F1xx_HAL_Driver/Src/stm32f1xx_hal_exti.o
LOAD ./Drivers/STM32F1xx_HAL_Driver/Src/stm32f1xx_hal_flash.o
LOAD ./Drivers/STM32F1xx_HAL_Driver/Src/stm32f1xx_hal_flash_ex.o
LOAD ./Drivers/STM32F1xx_HAL_Driver/Src/stm32f1xx_hal_gpio.o
LOAD ./Drivers/STM32F1xx_HAL_Driver/Src/stm32f1xx_hal_gpio_ex.o
LOAD ./Drivers/STM32F1xx_HAL_Driver/Src/stm32f1xx_hal_pwr.o
LOAD ./Drivers/STM32F1xx_HAL_Driver/Src/stm32f1xx_hal_rcc.o
LOAD ./Drivers/STM32F1xx_HAL_Driver/Src/stm32f1xx_hal_rcc_ex.o
LOAD ./Drivers/STM32F1xx_HAL_Driver/Src/stm32f1xx_hal_tim.o
LOAD ./Drivers/STM32F1xx_HAL_Driver/Src/stm32f1xx_hal_tim_ex.o
START GROUP
LOAD c:/st/stm32cubeide_1.7.0/stm32cubeide/plugins/com.st.stm32cube.ide.mcu.externaltools.gnu-tools-for-stm32.9-2020-q2-update.win32_2.0.0.202105311346/tools/bin/../lib/gcc/arm-none-eabi/9.3.1/../../../../arm-none-eabi/lib/thumb/v7-m/nofp\libc_nano.a
LOAD c:/st/stm32cubeide_1.7.0/stm32cubeide/plugins/com.st.stm32cube.ide.mcu.externaltools.gnu-tools-for-stm32.9-2020-q2-update.win32_2.0.0.202105311346/tools/bin/../lib/gcc/arm-none-eabi/9.3.1/../../../../arm-none-eabi/lib/thumb/v7-m/nofp\libm.a
END GROUP
START GROUP
LOAD c:/st/stm32cubeide_1.7.0/stm32cubeide/plugins/com.st.stm32cube.ide.mcu.externaltools.gnu-tools-for-stm32.9-2020-q2-update.win32_2.0.0.202105311346/tools/bin/../lib/gcc/arm-none-eabi/9.3.1/thumb/v7-m/nofp\libgcc.a
LOAD c:/st/stm32cubeide_1.7.0/stm32cubeide/plugins/com.st.stm32cube.ide.mcu.externaltools.gnu-tools-for-stm32.9-2020-q2-update.win32_2.0.0.202105311346/tools/bin/../lib/gcc/arm-none-eabi/9.3.1/../../../../arm-none-eabi/lib/thumb/v7-m/nofp\libc_nano.a
END GROUP
START GROUP
LOAD c:/st/stm32cubeide_1.7.0/stm32cubeide/plugins/com.st.stm32cube.ide.mcu.externaltools.gnu-tools-for-stm32.9-2020-q2-update.win32_2.0.0.202105311346/tools/bin/../lib/gcc/arm-none-eabi/9.3.1/thumb/v7-m/nofp\libgcc.a
LOAD c:/st/stm32cubeide_1.7.0/stm32cubeide/plugins/com.st.stm32cube.ide.mcu.externaltools.gnu-tools-for-stm32.9-2020-q2-update.win32_2.0.0.202105311346/tools/bin/../lib/gcc/arm-none-eabi/9.3.1/../../../../arm-none-eabi/lib/thumb/v7-m/nofp\libc_nano.a
LOAD c:/st/stm32cubeide_1.7.0/stm32cubeide/plugins/com.st.stm32cube.ide.mcu.externaltools.gnu-tools-for-stm32.9-2020-q2-update.win32_2.0.0.202105311346/tools/bin/../lib/gcc/arm-none-eabi/9.3.1/../../../../arm-none-eabi/lib/thumb/v7-m/nofp\libnosys.a
END GROUP
START GROUP
LOAD c:/st/stm32cubeide_1.7.0/stm32cubeide/plugins/com.st.stm32cube.ide.mcu.externaltools.gnu-tools-for-stm32.9-2020-q2-update.win32_2.0.0.202105311346/tools/bin/../lib/gcc/arm-none-eabi/9.3.1/thumb/v7-m/nofp\libgcc.a
LOAD c:/st/stm32cubeide_1.7.0/stm32cubeide/plugins/com.st.stm32cube.ide.mcu.externaltools.gnu-tools-for-stm32.9-2020-q2-update.win32_2.0.0.202105311346/tools/bin/../lib/gcc/arm-none-eabi/9.3.1/../../../../arm-none-eabi/lib/thumb/v7-m/nofp\libc_nano.a
LOAD c:/st/stm32cubeide_1.7.0/stm32cubeide/plugins/com.st.stm32cube.ide.mcu.externaltools.gnu-tools-for-stm32.9-2020-q2-update.win32_2.0.0.202105311346/tools/bin/../lib/gcc/arm-none-eabi/9.3.1/../../../../arm-none-eabi/lib/thumb/v7-m/nofp\libnosys.a
END GROUP
LOAD c:/st/stm32cubeide_1.7.0/stm32cubeide/plugins/com.st.stm32cube.ide.mcu.externaltools.gnu-tools-for-stm32.9-2020-q2-update.win32_2.0.0.202105311346/tools/bin/../lib/gcc/arm-none-eabi/9.3.1/thumb/v7-m/nofp/crtend.o
LOAD c:/st/stm32cubeide_1.7.0/stm32cubeide/plugins/com.st.stm32cube.ide.mcu.externaltools.gnu-tools-for-stm32.9-2020-q2-update.win32_2.0.0.202105311346/tools/bin/../lib/gcc/arm-none-eabi/9.3.1/thumb/v7-m/nofp/crtn.o
                0x0000000020002800                _estack = (ORIGIN (RAM) + LENGTH (RAM))
                0x0000000000000200                _Min_Heap_Size = 0x200
                0x0000000000000400                _Min_Stack_Size = 0x400

.isr_vector     0x0000000008000000      0x10c
                0x0000000008000000                . = ALIGN (0x4)
 *(.isr_vector)
 .isr_vector    0x0000000008000000      0x10c ./Core/Startup/startup_stm32f103c6ux.o
                0x0000000008000000                g_pfnVectors
                0x000000000800010c                . = ALIGN (0x4)

.text           0x000000000800010c     0x26c4
                0x000000000800010c                . = ALIGN (0x4)
 *(.text)
 .text          0x000000000800010c       0x40 c:/st/stm32cubeide_1.7.0/stm32cubeide/plugins/com.st.stm32cube.ide.mcu.externaltools.gnu-tools-for-stm32.9-2020-q2-update.win32_2.0.0.202105311346/tools/bin/../lib/gcc/arm-none-eabi/9.3.1/thumb/v7-m/nofp/crtbegin.o
 *(.text*)
 .text.initLedTime
                0x000000000800014c       0x50 ./Core/Src/global.o
                0x000000000800014c                initLedTime
 .text.fsm_for_input_processing
                0x000000000800019c       0x80 ./Core/Src/input_processing.o
                0x000000000800019c                fsm_for_input_processing
 .text.fsm_automatic_run
                0x000000000800021c       0x24 ./Core/Src/input_processing.o
                0x000000000800021c                fsm_automatic_run
 .text.button_reading
                0x0000000008000240       0xd8 ./Core/Src/input_reading.o
                0x0000000008000240                button_reading
 .text.is_button_pressed
                0x0000000008000318       0x34 ./Core/Src/input_reading.o
                0x0000000008000318                is_button_pressed
 .text.is_button_pressed_1s
                0x000000000800034c       0x34 ./Core/Src/input_reading.o
                0x000000000800034c                is_button_pressed_1s
 .text.setRed1  0x0000000008000380       0x30 ./Core/Src/led_display.o
                0x0000000008000380                setRed1
 .text.setAmber1
                0x00000000080003b0       0x30 ./Core/Src/led_display.o
                0x00000000080003b0                setAmber1
 .text.setGreen1
                0x00000000080003e0       0x30 ./Core/Src/led_display.o
                0x00000000080003e0                setGreen1
 .text.setRed2  0x0000000008000410       0x30 ./Core/Src/led_display.o
                0x0000000008000410                setRed2
 .text.setAmber2
                0x0000000008000440       0x30 ./Core/Src/led_display.o
                0x0000000008000440                setAmber2
 .text.setGreen2
                0x0000000008000470       0x30 ./Core/Src/led_display.o
                0x0000000008000470                setGreen2
 .text.display7SEG
                0x00000000080004a0      0x364 ./Core/Src/led_display.o
                0x00000000080004a0                display7SEG
 .text.toggleRed
                0x0000000008000804       0x50 ./Core/Src/led_display.o
                0x0000000008000804                toggleRed
 .text.toggleAmber
                0x0000000008000854       0x50 ./Core/Src/led_display.o
                0x0000000008000854                toggleAmber
 .text.toggleGreen
                0x00000000080008a4       0x50 ./Core/Src/led_display.o
                0x00000000080008a4                toggleGreen
 .text.normalMode
                0x00000000080008f4      0x128 ./Core/Src/led_display.o
                0x00000000080008f4                normalMode
 .text.get7SEG1Value
                0x0000000008000a1c       0x5c ./Core/Src/led_display.o
 .text.get7SEG2Value
                0x0000000008000a78       0x5c ./Core/Src/led_display.o
 .text.ledDispMode
                0x0000000008000ad4       0x90 ./Core/Src/led_display.o
                0x0000000008000ad4                ledDispMode
 .text.ledScanning
                0x0000000008000b64      0x1e8 ./Core/Src/led_display.o
                0x0000000008000b64                ledScanning
 .text.main     0x0000000008000d4c       0x3c ./Core/Src/main.o
                0x0000000008000d4c                main
 .text.SystemClock_Config
                0x0000000008000d88       0x76 ./Core/Src/main.o
                0x0000000008000d88                SystemClock_Config
 *fill*         0x0000000008000dfe        0x2 
 .text.MX_TIM2_Init
                0x0000000008000e00       0x98 ./Core/Src/main.o
 .text.MX_GPIO_Init
                0x0000000008000e98       0xc4 ./Core/Src/main.o
 .text.Error_Handler
                0x0000000008000f5c        0xa ./Core/Src/main.o
                0x0000000008000f5c                Error_Handler
 *fill*         0x0000000008000f66        0x2 
 .text.HAL_MspInit
                0x0000000008000f68       0x64 ./Core/Src/stm32f1xx_hal_msp.o
                0x0000000008000f68                HAL_MspInit
 .text.HAL_TIM_Base_MspInit
                0x0000000008000fcc       0x48 ./Core/Src/stm32f1xx_hal_msp.o
                0x0000000008000fcc                HAL_TIM_Base_MspInit
 .text.NMI_Handler
                0x0000000008001014        0x6 ./Core/Src/stm32f1xx_it.o
                0x0000000008001014                NMI_Handler
 .text.HardFault_Handler
                0x000000000800101a        0x6 ./Core/Src/stm32f1xx_it.o
                0x000000000800101a                HardFault_Handler
 .text.MemManage_Handler
                0x0000000008001020        0x6 ./Core/Src/stm32f1xx_it.o
                0x0000000008001020                MemManage_Handler
 .text.BusFault_Handler
                0x0000000008001026        0x6 ./Core/Src/stm32f1xx_it.o
                0x0000000008001026                BusFault_Handler
 .text.UsageFault_Handler
                0x000000000800102c        0x6 ./Core/Src/stm32f1xx_it.o
                0x000000000800102c                UsageFault_Handler
 .text.SVC_Handler
                0x0000000008001032        0xc ./Core/Src/stm32f1xx_it.o
                0x0000000008001032                SVC_Handler
 .text.DebugMon_Handler
                0x000000000800103e        0xc ./Core/Src/stm32f1xx_it.o
                0x000000000800103e                DebugMon_Handler
 .text.PendSV_Handler
                0x000000000800104a        0xc ./Core/Src/stm32f1xx_it.o
                0x000000000800104a                PendSV_Handler
 .text.SysTick_Handler
                0x0000000008001056        0xc ./Core/Src/stm32f1xx_it.o
                0x0000000008001056                SysTick_Handler
 *fill*         0x0000000008001062        0x2 
 .text.TIM2_IRQHandler
                0x0000000008001064       0x14 ./Core/Src/stm32f1xx_it.o
                0x0000000008001064                TIM2_IRQHandler
 .text.SystemInit
                0x0000000008001078        0xc ./Core/Src/system_stm32f1xx.o
                0x0000000008001078                SystemInit
 .text.setTimer
                0x0000000008001084       0x38 ./Core/Src/timer.o
                0x0000000008001084                setTimer
 .text.timerRun
                0x00000000080010bc       0x60 ./Core/Src/timer.o
                0x00000000080010bc                timerRun
 .text.HAL_TIM_PeriodElapsedCallback
                0x000000000800111c       0x22 ./Core/Src/timer.o
                0x000000000800111c                HAL_TIM_PeriodElapsedCallback
 *fill*         0x000000000800113e        0x2 
 .text.Reset_Handler
                0x0000000008001140       0x48 ./Core/Startup/startup_stm32f103c6ux.o
                0x0000000008001140                Reset_Handler
 .text.Default_Handler
                0x0000000008001188        0x2 ./Core/Startup/startup_stm32f103c6ux.o
                0x0000000008001188                RTC_Alarm_IRQHandler
                0x0000000008001188                EXTI2_IRQHandler
                0x0000000008001188                TIM1_CC_IRQHandler
                0x0000000008001188                PVD_IRQHandler
                0x0000000008001188                EXTI3_IRQHandler
                0x0000000008001188                EXTI0_IRQHandler
                0x0000000008001188                ADC1_2_IRQHandler
                0x0000000008001188                SPI1_IRQHandler
                0x0000000008001188                TAMPER_IRQHandler
                0x0000000008001188                DMA1_Channel4_IRQHandler
                0x0000000008001188                RTC_IRQHandler
                0x0000000008001188                DMA1_Channel7_IRQHandler
                0x0000000008001188                CAN1_RX1_IRQHandler
                0x0000000008001188                I2C1_EV_IRQHandler
                0x0000000008001188                DMA1_Channel6_IRQHandler
                0x0000000008001188                TIM3_IRQHandler
                0x0000000008001188                RCC_IRQHandler
                0x0000000008001188                TIM1_TRG_COM_IRQHandler
                0x0000000008001188                DMA1_Channel1_IRQHandler
                0x0000000008001188                Default_Handler
                0x0000000008001188                EXTI15_10_IRQHandler
                0x0000000008001188                EXTI9_5_IRQHandler
                0x0000000008001188                DMA1_Channel5_IRQHandler
                0x0000000008001188                EXTI4_IRQHandler
                0x0000000008001188                USB_LP_CAN1_RX0_IRQHandler
                0x0000000008001188                USB_HP_CAN1_TX_IRQHandler
                0x0000000008001188                DMA1_Channel3_IRQHandler
                0x0000000008001188                TIM1_UP_IRQHandler
                0x0000000008001188                WWDG_IRQHandler
                0x0000000008001188                TIM1_BRK_IRQHandler
                0x0000000008001188                EXTI1_IRQHandler
                0x0000000008001188                USART2_IRQHandler
                0x0000000008001188                DMA1_Channel2_IRQHandler
                0x0000000008001188                CAN1_SCE_IRQHandler
                0x0000000008001188                FLASH_IRQHandler
                0x0000000008001188                USART1_IRQHandler
                0x0000000008001188                I2C1_ER_IRQHandler
                0x0000000008001188                USBWakeUp_IRQHandler
 *fill*         0x000000000800118a        0x2 
 .text.HAL_Init
                0x000000000800118c       0x2c ./Drivers/STM32F1xx_HAL_Driver/Src/stm32f1xx_hal.o
                0x000000000800118c                HAL_Init
 .text.HAL_InitTick
                0x00000000080011b8       0x60 ./Drivers/STM32F1xx_HAL_Driver/Src/stm32f1xx_hal.o
                0x00000000080011b8                HAL_InitTick
 .text.HAL_IncTick
                0x0000000008001218       0x24 ./Drivers/STM32F1xx_HAL_Driver/Src/stm32f1xx_hal.o
                0x0000000008001218                HAL_IncTick
 .text.HAL_GetTick
                0x000000000800123c       0x14 ./Drivers/STM32F1xx_HAL_Driver/Src/stm32f1xx_hal.o
                0x000000000800123c                HAL_GetTick
 .text.__NVIC_SetPriorityGrouping
                0x0000000008001250       0x48 ./Drivers/STM32F1xx_HAL_Driver/Src/stm32f1xx_hal_cortex.o
 .text.__NVIC_GetPriorityGrouping
                0x0000000008001298       0x1c ./Drivers/STM32F1xx_HAL_Driver/Src/stm32f1xx_hal_cortex.o
 .text.__NVIC_EnableIRQ
                0x00000000080012b4       0x38 ./Drivers/STM32F1xx_HAL_Driver/Src/stm32f1xx_hal_cortex.o
 .text.__NVIC_SetPriority
                0x00000000080012ec       0x54 ./Drivers/STM32F1xx_HAL_Driver/Src/stm32f1xx_hal_cortex.o
 .text.NVIC_EncodePriority
                0x0000000008001340       0x64 ./Drivers/STM32F1xx_HAL_Driver/Src/stm32f1xx_hal_cortex.o
 .text.SysTick_Config
                0x00000000080013a4       0x44 ./Drivers/STM32F1xx_HAL_Driver/Src/stm32f1xx_hal_cortex.o
 .text.HAL_NVIC_SetPriorityGrouping
                0x00000000080013e8       0x16 ./Drivers/STM32F1xx_HAL_Driver/Src/stm32f1xx_hal_cortex.o
                0x00000000080013e8                HAL_NVIC_SetPriorityGrouping
 .text.HAL_NVIC_SetPriority
                0x00000000080013fe       0x38 ./Drivers/STM32F1xx_HAL_Driver/Src/stm32f1xx_hal_cortex.o
                0x00000000080013fe                HAL_NVIC_SetPriority
 .text.HAL_NVIC_EnableIRQ
                0x0000000008001436       0x1c ./Drivers/STM32F1xx_HAL_Driver/Src/stm32f1xx_hal_cortex.o
                0x0000000008001436                HAL_NVIC_EnableIRQ
 .text.HAL_SYSTICK_Config
                0x0000000008001452       0x18 ./Drivers/STM32F1xx_HAL_Driver/Src/stm32f1xx_hal_cortex.o
                0x0000000008001452                HAL_SYSTICK_Config
 *fill*         0x000000000800146a        0x2 
 .text.HAL_GPIO_Init
                0x000000000800146c      0x2f4 ./Drivers/STM32F1xx_HAL_Driver/Src/stm32f1xx_hal_gpio.o
                0x000000000800146c                HAL_GPIO_Init
 .text.HAL_GPIO_ReadPin
                0x0000000008001760       0x2e ./Drivers/STM32F1xx_HAL_Driver/Src/stm32f1xx_hal_gpio.o
                0x0000000008001760                HAL_GPIO_ReadPin
 .text.HAL_GPIO_WritePin
                0x000000000800178e       0x30 ./Drivers/STM32F1xx_HAL_Driver/Src/stm32f1xx_hal_gpio.o
                0x000000000800178e                HAL_GPIO_WritePin
 .text.HAL_GPIO_TogglePin
                0x00000000080017be       0x32 ./Drivers/STM32F1xx_HAL_Driver/Src/stm32f1xx_hal_gpio.o
                0x00000000080017be                HAL_GPIO_TogglePin
 .text.HAL_RCC_OscConfig
                0x00000000080017f0      0x500 ./Drivers/STM32F1xx_HAL_Driver/Src/stm32f1xx_hal_rcc.o
                0x00000000080017f0                HAL_RCC_OscConfig
 .text.HAL_RCC_ClockConfig
                0x0000000008001cf0      0x1d4 ./Drivers/STM32F1xx_HAL_Driver/Src/stm32f1xx_hal_rcc.o
                0x0000000008001cf0                HAL_RCC_ClockConfig
 .text.HAL_RCC_GetSysClockFreq
                0x0000000008001ec4       0xa8 ./Drivers/STM32F1xx_HAL_Driver/Src/stm32f1xx_hal_rcc.o
                0x0000000008001ec4                HAL_RCC_GetSysClockFreq
 .text.RCC_Delay
                0x0000000008001f6c       0x3c ./Drivers/STM32F1xx_HAL_Driver/Src/stm32f1xx_hal_rcc.o
 .text.HAL_TIM_Base_Init
                0x0000000008001fa8       0x9e ./Drivers/STM32F1xx_HAL_Driver/Src/stm32f1xx_hal_tim.o
                0x0000000008001fa8                HAL_TIM_Base_Init
 *fill*         0x0000000008002046        0x2 
 .text.HAL_TIM_Base_Start_IT
                0x0000000008002048       0x98 ./Drivers/STM32F1xx_HAL_Driver/Src/stm32f1xx_hal_tim.o
                0x0000000008002048                HAL_TIM_Base_Start_IT
 .text.HAL_TIM_IRQHandler
                0x00000000080020e0      0x1e0 ./Drivers/STM32F1xx_HAL_Driver/Src/stm32f1xx_hal_tim.o
                0x00000000080020e0                HAL_TIM_IRQHandler
 .text.HAL_TIM_ConfigClockSource
                0x00000000080022c0      0x18e ./Drivers/STM32F1xx_HAL_Driver/Src/stm32f1xx_hal_tim.o
                0x00000000080022c0                HAL_TIM_ConfigClockSource
 .text.HAL_TIM_OC_DelayElapsedCallback
                0x000000000800244e       0x12 ./Drivers/STM32F1xx_HAL_Driver/Src/stm32f1xx_hal_tim.o
                0x000000000800244e                HAL_TIM_OC_DelayElapsedCallback
 .text.HAL_TIM_IC_CaptureCallback
                0x0000000008002460       0x12 ./Drivers/STM32F1xx_HAL_Driver/Src/stm32f1xx_hal_tim.o
                0x0000000008002460                HAL_TIM_IC_CaptureCallback
 .text.HAL_TIM_PWM_PulseFinishedCallback
                0x0000000008002472       0x12 ./Drivers/STM32F1xx_HAL_Driver/Src/stm32f1xx_hal_tim.o
                0x0000000008002472                HAL_TIM_PWM_PulseFinishedCallback
 .text.HAL_TIM_TriggerCallback
                0x0000000008002484       0x12 ./Drivers/STM32F1xx_HAL_Driver/Src/stm32f1xx_hal_tim.o
                0x0000000008002484                HAL_TIM_TriggerCallback
 *fill*         0x0000000008002496        0x2 
 .text.TIM_Base_SetConfig
                0x0000000008002498       0xc8 ./Drivers/STM32F1xx_HAL_Driver/Src/stm32f1xx_hal_tim.o
                0x0000000008002498                TIM_Base_SetConfig
 .text.TIM_TI1_ConfigInputStage
                0x0000000008002560       0x5c ./Drivers/STM32F1xx_HAL_Driver/Src/stm32f1xx_hal_tim.o
 .text.TIM_TI2_ConfigInputStage
                0x00000000080025bc       0x5e ./Drivers/STM32F1xx_HAL_Driver/Src/stm32f1xx_hal_tim.o
 .text.TIM_ITRx_SetConfig
                0x000000000800261a       0x34 ./Drivers/STM32F1xx_HAL_Driver/Src/stm32f1xx_hal_tim.o
 .text.TIM_ETR_SetConfig
                0x000000000800264e       0x3e ./Drivers/STM32F1xx_HAL_Driver/Src/stm32f1xx_hal_tim.o
                0x000000000800264e                TIM_ETR_SetConfig
 .text.HAL_TIMEx_MasterConfigSynchronization
                0x000000000800268c       0xb0 ./Drivers/STM32F1xx_HAL_Driver/Src/stm32f1xx_hal_tim_ex.o
                0x000000000800268c                HAL_TIMEx_MasterConfigSynchronization
 .text.HAL_TIMEx_CommutCallback
                0x000000000800273c       0x12 ./Drivers/STM32F1xx_HAL_Driver/Src/stm32f1xx_hal_tim_ex.o
                0x000000000800273c                HAL_TIMEx_CommutCallback
 .text.HAL_TIMEx_BreakCallback
                0x000000000800274e       0x12 ./Drivers/STM32F1xx_HAL_Driver/Src/stm32f1xx_hal_tim_ex.o
                0x000000000800274e                HAL_TIMEx_BreakCallback
 .text.__libc_init_array
                0x0000000008002760       0x48 c:/st/stm32cubeide_1.7.0/stm32cubeide/plugins/com.st.stm32cube.ide.mcu.externaltools.gnu-tools-for-stm32.9-2020-q2-update.win32_2.0.0.202105311346/tools/bin/../lib/gcc/arm-none-eabi/9.3.1/../../../../arm-none-eabi/lib/thumb/v7-m/nofp\libc_nano.a(lib_a-init.o)
                0x0000000008002760                __libc_init_array
 .text.memset   0x00000000080027a8       0x10 c:/st/stm32cubeide_1.7.0/stm32cubeide/plugins/com.st.stm32cube.ide.mcu.externaltools.gnu-tools-for-stm32.9-2020-q2-update.win32_2.0.0.202105311346/tools/bin/../lib/gcc/arm-none-eabi/9.3.1/../../../../arm-none-eabi/lib/thumb/v7-m/nofp\libc_nano.a(lib_a-memset.o)
                0x00000000080027a8                memset
 *(.glue_7)
 .glue_7        0x00000000080027b8        0x0 linker stubs
 *(.glue_7t)
 .glue_7t       0x00000000080027b8        0x0 linker stubs
 *(.eh_frame)
 .eh_frame      0x00000000080027b8        0x0 c:/st/stm32cubeide_1.7.0/stm32cubeide/plugins/com.st.stm32cube.ide.mcu.externaltools.gnu-tools-for-stm32.9-2020-q2-update.win32_2.0.0.202105311346/tools/bin/../lib/gcc/arm-none-eabi/9.3.1/thumb/v7-m/nofp/crtbegin.o
 *(.init)
 .init          0x00000000080027b8        0x4 c:/st/stm32cubeide_1.7.0/stm32cubeide/plugins/com.st.stm32cube.ide.mcu.externaltools.gnu-tools-for-stm32.9-2020-q2-update.win32_2.0.0.202105311346/tools/bin/../lib/gcc/arm-none-eabi/9.3.1/thumb/v7-m/nofp/crti.o
                0x00000000080027b8                _init
 .init          0x00000000080027bc        0x8 c:/st/stm32cubeide_1.7.0/stm32cubeide/plugins/com.st.stm32cube.ide.mcu.externaltools.gnu-tools-for-stm32.9-2020-q2-update.win32_2.0.0.202105311346/tools/bin/../lib/gcc/arm-none-eabi/9.3.1/thumb/v7-m/nofp/crtn.o
 *(.fini)
 .fini          0x00000000080027c4        0x4 c:/st/stm32cubeide_1.7.0/stm32cubeide/plugins/com.st.stm32cube.ide.mcu.externaltools.gnu-tools-for-stm32.9-2020-q2-update.win32_2.0.0.202105311346/tools/bin/../lib/gcc/arm-none-eabi/9.3.1/thumb/v7-m/nofp/crti.o
                0x00000000080027c4                _fini
 .fini          0x00000000080027c8        0x8 c:/st/stm32cubeide_1.7.0/stm32cubeide/plugins/com.st.stm32cube.ide.mcu.externaltools.gnu-tools-for-stm32.9-2020-q2-update.win32_2.0.0.202105311346/tools/bin/../lib/gcc/arm-none-eabi/9.3.1/thumb/v7-m/nofp/crtn.o
                0x00000000080027d0                . = ALIGN (0x4)
                0x00000000080027d0                _etext = .

.vfp11_veneer   0x00000000080027d0        0x0
 .vfp11_veneer  0x00000000080027d0        0x0 linker stubs

.v4_bx          0x00000000080027d0        0x0
 .v4_bx         0x00000000080027d0        0x0 linker stubs

.iplt           0x00000000080027d0        0x0
 .iplt          0x00000000080027d0        0x0 c:/st/stm32cubeide_1.7.0/stm32cubeide/plugins/com.st.stm32cube.ide.mcu.externaltools.gnu-tools-for-stm32.9-2020-q2-update.win32_2.0.0.202105311346/tools/bin/../lib/gcc/arm-none-eabi/9.3.1/thumb/v7-m/nofp/crtbegin.o

.rodata         0x00000000080027d0       0x24
                0x00000000080027d0                . = ALIGN (0x4)
 *(.rodata)
 *(.rodata*)
 .rodata.AHBPrescTable
                0x00000000080027d0       0x10 ./Core/Src/system_stm32f1xx.o
                0x00000000080027d0                AHBPrescTable
 .rodata.aPLLMULFactorTable.6032
                0x00000000080027e0       0x10 ./Drivers/STM32F1xx_HAL_Driver/Src/stm32f1xx_hal_rcc.o
 .rodata.aPredivFactorTable.6033
                0x00000000080027f0        0x2 ./Drivers/STM32F1xx_HAL_Driver/Src/stm32f1xx_hal_rcc.o
                0x00000000080027f4                . = ALIGN (0x4)
 *fill*         0x00000000080027f2        0x2 

.rel.dyn        0x00000000080027f4        0x0
 .rel.iplt      0x00000000080027f4        0x0 c:/st/stm32cubeide_1.7.0/stm32cubeide/plugins/com.st.stm32cube.ide.mcu.externaltools.gnu-tools-for-stm32.9-2020-q2-update.win32_2.0.0.202105311346/tools/bin/../lib/gcc/arm-none-eabi/9.3.1/thumb/v7-m/nofp/crtbegin.o

.ARM.extab      0x00000000080027f4        0x0
                0x00000000080027f4                . = ALIGN (0x4)
 *(.ARM.extab* .gnu.linkonce.armextab.*)
                0x00000000080027f4                . = ALIGN (0x4)

.ARM            0x00000000080027f4        0x0
                0x00000000080027f4                . = ALIGN (0x4)
                0x00000000080027f4                __exidx_start = .
 *(.ARM.exidx*)
                0x00000000080027f4                __exidx_end = .
                0x00000000080027f4                . = ALIGN (0x4)

.preinit_array  0x00000000080027f4        0x0
                0x00000000080027f4                . = ALIGN (0x4)
                0x00000000080027f4                PROVIDE (__preinit_array_start = .)
 *(.preinit_array*)
                0x00000000080027f4                PROVIDE (__preinit_array_end = .)
                0x00000000080027f4                . = ALIGN (0x4)

.init_array     0x00000000080027f4        0x4
                0x00000000080027f4                . = ALIGN (0x4)
                0x00000000080027f4                PROVIDE (__init_array_start = .)
 *(SORT_BY_NAME(.init_array.*))
 *(.init_array*)
 .init_array    0x00000000080027f4        0x4 c:/st/stm32cubeide_1.7.0/stm32cubeide/plugins/com.st.stm32cube.ide.mcu.externaltools.gnu-tools-for-stm32.9-2020-q2-update.win32_2.0.0.202105311346/tools/bin/../lib/gcc/arm-none-eabi/9.3.1/thumb/v7-m/nofp/crtbegin.o
                0x00000000080027f8                PROVIDE (__init_array_end = .)
                0x00000000080027f8                . = ALIGN (0x4)

.fini_array     0x00000000080027f8        0x4
                0x00000000080027f8                . = ALIGN (0x4)
                [!provide]                        PROVIDE (__fini_array_start = .)
 *(SORT_BY_NAME(.fini_array.*))
 *(.fini_array*)
 .fini_array    0x00000000080027f8        0x4 c:/st/stm32cubeide_1.7.0/stm32cubeide/plugins/com.st.stm32cube.ide.mcu.externaltools.gnu-tools-for-stm32.9-2020-q2-update.win32_2.0.0.202105311346/tools/bin/../lib/gcc/arm-none-eabi/9.3.1/thumb/v7-m/nofp/crtbegin.o
                [!provide]                        PROVIDE (__fini_array_end = .)
                0x00000000080027fc                . = ALIGN (0x4)
                0x00000000080027fc                _sidata = LOADADDR (.data)

.data           0x0000000020000000       0x1c load address 0x00000000080027fc
                0x0000000020000000                . = ALIGN (0x4)
                0x0000000020000000                _sdata = .
 *(.data)
 *(.data*)
 .data.mode     0x0000000020000000        0x4 ./Core/Src/global.o
                0x0000000020000000                mode
 .data.cnt1     0x0000000020000004        0x4 ./Core/Src/led_display.o
                0x0000000020000004                cnt1
 .data.cnt2     0x0000000020000008        0x4 ./Core/Src/led_display.o
                0x0000000020000008                cnt2
 .data.state2   0x000000002000000c        0x1 ./Core/Src/led_display.o
                0x000000002000000c                state2
 *fill*         0x000000002000000d        0x3 
 .data.SystemCoreClock
                0x0000000020000010        0x4 ./Core/Src/system_stm32f1xx.o
                0x0000000020000010                SystemCoreClock
 .data.uwTickPrio
                0x0000000020000014        0x4 ./Drivers/STM32F1xx_HAL_Driver/Src/stm32f1xx_hal.o
                0x0000000020000014                uwTickPrio
 .data.uwTickFreq
                0x0000000020000018        0x1 ./Drivers/STM32F1xx_HAL_Driver/Src/stm32f1xx_hal.o
                0x0000000020000018                uwTickFreq
 *(.RamFunc)
 *(.RamFunc*)
                0x000000002000001c                . = ALIGN (0x4)
 *fill*         0x0000000020000019        0x3 
                0x000000002000001c                _edata = .

.igot.plt       0x000000002000001c        0x0 load address 0x0000000008002818
 .igot.plt      0x000000002000001c        0x0 c:/st/stm32cubeide_1.7.0/stm32cubeide/plugins/com.st.stm32cube.ide.mcu.externaltools.gnu-tools-for-stm32.9-2020-q2-update.win32_2.0.0.202105311346/tools/bin/../lib/gcc/arm-none-eabi/9.3.1/thumb/v7-m/nofp/crtbegin.o
                0x000000002000001c                . = ALIGN (0x4)

.bss            0x000000002000001c       0xec load address 0x0000000008002818
                0x000000002000001c                _sbss = .
                0x000000002000001c                __bss_start__ = _sbss
 *(.bss)
 .bss           0x000000002000001c       0x1c c:/st/stm32cubeide_1.7.0/stm32cubeide/plugins/com.st.stm32cube.ide.mcu.externaltools.gnu-tools-for-stm32.9-2020-q2-update.win32_2.0.0.202105311346/tools/bin/../lib/gcc/arm-none-eabi/9.3.1/thumb/v7-m/nofp/crtbegin.o
 *(.bss*)
 .bss.buttonState
                0x0000000020000038        0x1 ./Core/Src/input_processing.o
                0x0000000020000038                buttonState
 *fill*         0x0000000020000039        0x3 
 .bss.buttonBuffer
                0x000000002000003c        0x1 ./Core/Src/input_reading.o
 *fill*         0x000000002000003d        0x3 
 .bss.debounceButtonBuffer1
                0x0000000020000040        0x1 ./Core/Src/input_reading.o
 *fill*         0x0000000020000041        0x3 
 .bss.debounceButtonBuffer2
                0x0000000020000044        0x1 ./Core/Src/input_reading.o
 *fill*         0x0000000020000045        0x3 
 .bss.flagForButtonPress1s
                0x0000000020000048        0x1 ./Core/Src/input_reading.o
 *fill*         0x0000000020000049        0x3 
 .bss.counterForButtonPress1s
                0x000000002000004c        0x2 ./Core/Src/input_reading.o
 .bss.state1    0x000000002000004e        0x1 ./Core/Src/led_display.o
                0x000000002000004e                state1
 *fill*         0x000000002000004f        0x1 
 .bss.sw_led.6084
                0x0000000020000050        0x4 ./Core/Src/led_display.o
 .bss.timer_flag
                0x0000000020000054       0x28 ./Core/Src/timer.o
                0x0000000020000054                timer_flag
 .bss.timer_counter
                0x000000002000007c       0x28 ./Core/Src/timer.o
                0x000000002000007c                timer_counter
 *(COMMON)
 COMMON         0x00000000200000a4       0x18 ./Core/Src/global.o
                0x00000000200000a4                greenNew
                0x00000000200000a8                amberValue
                0x00000000200000ac                greenValue
                0x00000000200000b0                redNew
                0x00000000200000b4                amberNew
                0x00000000200000b8                redValue
 COMMON         0x00000000200000bc       0x48 ./Core/Src/main.o
                0x00000000200000bc                htim2
 COMMON         0x0000000020000104        0x4 ./Drivers/STM32F1xx_HAL_Driver/Src/stm32f1xx_hal.o
                0x0000000020000104                uwTick
                0x0000000020000108                . = ALIGN (0x4)
                0x0000000020000108                _ebss = .
                0x0000000020000108                __bss_end__ = _ebss

._user_heap_stack
                0x0000000020000108      0x600 load address 0x0000000008002818
                0x0000000020000108                . = ALIGN (0x8)
                [!provide]                        PROVIDE (end = .)
                0x0000000020000108                PROVIDE (_end = .)
                0x0000000020000308                . = (. + _Min_Heap_Size)
 *fill*         0x0000000020000108      0x200 
                0x0000000020000708                . = (. + _Min_Stack_Size)
 *fill*         0x0000000020000308      0x400 
                0x0000000020000708                . = ALIGN (0x8)

/DISCARD/
 libc.a(*)
 libm.a(*)
 libgcc.a(*)

.ARM.attributes
                0x0000000000000000       0x29
 *(.ARM.attributes)
 .ARM.attributes
                0x0000000000000000       0x1d c:/st/stm32cubeide_1.7.0/stm32cubeide/plugins/com.st.stm32cube.ide.mcu.externaltools.gnu-tools-for-stm32.9-2020-q2-update.win32_2.0.0.202105311346/tools/bin/../lib/gcc/arm-none-eabi/9.3.1/thumb/v7-m/nofp/crti.o
 .ARM.attributes
                0x000000000000001d       0x2d c:/st/stm32cubeide_1.7.0/stm32cubeide/plugins/com.st.stm32cube.ide.mcu.externaltools.gnu-tools-for-stm32.9-2020-q2-update.win32_2.0.0.202105311346/tools/bin/../lib/gcc/arm-none-eabi/9.3.1/thumb/v7-m/nofp/crtbegin.o
 .ARM.attributes
                0x000000000000004a       0x2d ./Core/Src/global.o
 .ARM.attributes
                0x0000000000000077       0x2d ./Core/Src/input_processing.o
 .ARM.attributes
                0x00000000000000a4       0x2d ./Core/Src/input_reading.o
 .ARM.attributes
                0x00000000000000d1       0x2d ./Core/Src/led_display.o
 .ARM.attributes
                0x00000000000000fe       0x2d ./Core/Src/main.o
 .ARM.attributes
                0x000000000000012b       0x2d ./Core/Src/stm32f1xx_hal_msp.o
 .ARM.attributes
                0x0000000000000158       0x2d ./Core/Src/stm32f1xx_it.o
 .ARM.attributes
                0x0000000000000185       0x2d ./Core/Src/system_stm32f1xx.o
 .ARM.attributes
                0x00000000000001b2       0x2d ./Core/Src/timer.o
 .ARM.attributes
                0x00000000000001df       0x21 ./Core/Startup/startup_stm32f103c6ux.o
 .ARM.attributes
                0x0000000000000200       0x2d ./Drivers/STM32F1xx_HAL_Driver/Src/stm32f1xx_hal.o
 .ARM.attributes
                0x000000000000022d       0x2d ./Drivers/STM32F1xx_HAL_Driver/Src/stm32f1xx_hal_cortex.o
 .ARM.attributes
                0x000000000000025a       0x2d ./Drivers/STM32F1xx_HAL_Driver/Src/stm32f1xx_hal_gpio.o
 .ARM.attributes
                0x0000000000000287       0x2d ./Drivers/STM32F1xx_HAL_Driver/Src/stm32f1xx_hal_rcc.o
 .ARM.attributes
                0x00000000000002b4       0x2d ./Drivers/STM32F1xx_HAL_Driver/Src/stm32f1xx_hal_tim.o
 .ARM.attributes
                0x00000000000002e1       0x2d ./Drivers/STM32F1xx_HAL_Driver/Src/stm32f1xx_hal_tim_ex.o
 .ARM.attributes
                0x000000000000030e       0x2d c:/st/stm32cubeide_1.7.0/stm32cubeide/plugins/com.st.stm32cube.ide.mcu.externaltools.gnu-tools-for-stm32.9-2020-q2-update.win32_2.0.0.202105311346/tools/bin/../lib/gcc/arm-none-eabi/9.3.1/../../../../arm-none-eabi/lib/thumb/v7-m/nofp\libc_nano.a(lib_a-init.o)
 .ARM.attributes
                0x000000000000033b       0x2d c:/st/stm32cubeide_1.7.0/stm32cubeide/plugins/com.st.stm32cube.ide.mcu.externaltools.gnu-tools-for-stm32.9-2020-q2-update.win32_2.0.0.202105311346/tools/bin/../lib/gcc/arm-none-eabi/9.3.1/../../../../arm-none-eabi/lib/thumb/v7-m/nofp\libc_nano.a(lib_a-memset.o)
 .ARM.attributes
                0x0000000000000368       0x1d c:/st/stm32cubeide_1.7.0/stm32cubeide/plugins/com.st.stm32cube.ide.mcu.externaltools.gnu-tools-for-stm32.9-2020-q2-update.win32_2.0.0.202105311346/tools/bin/../lib/gcc/arm-none-eabi/9.3.1/thumb/v7-m/nofp/crtn.o
OUTPUT(LAB3_Exercises.elf elf32-littlearm)
LOAD linker stubs
LOAD c:/st/stm32cubeide_1.7.0/stm32cubeide/plugins/com.st.stm32cube.ide.mcu.externaltools.gnu-tools-for-stm32.9-2020-q2-update.win32_2.0.0.202105311346/tools/bin/../lib/gcc/arm-none-eabi/9.3.1/../../../../arm-none-eabi/lib/thumb/v7-m/nofp\libc.a
LOAD c:/st/stm32cubeide_1.7.0/stm32cubeide/plugins/com.st.stm32cube.ide.mcu.externaltools.gnu-tools-for-stm32.9-2020-q2-update.win32_2.0.0.202105311346/tools/bin/../lib/gcc/arm-none-eabi/9.3.1/../../../../arm-none-eabi/lib/thumb/v7-m/nofp\libm.a
LOAD c:/st/stm32cubeide_1.7.0/stm32cubeide/plugins/com.st.stm32cube.ide.mcu.externaltools.gnu-tools-for-stm32.9-2020-q2-update.win32_2.0.0.202105311346/tools/bin/../lib/gcc/arm-none-eabi/9.3.1/thumb/v7-m/nofp\libgcc.a

.debug_info     0x0000000000000000     0x97cb
 .debug_info    0x0000000000000000      0x10f ./Core/Src/global.o
 .debug_info    0x000000000000010f      0x24b ./Core/Src/input_processing.o
 .debug_info    0x000000000000035a      0x341 ./Core/Src/input_reading.o
 .debug_info    0x000000000000069b      0x498 ./Core/Src/led_display.o
 .debug_info    0x0000000000000b33      0xbd8 ./Core/Src/main.o
 .debug_info    0x000000000000170b      0xa09 ./Core/Src/stm32f1xx_hal_msp.o
 .debug_info    0x0000000000002114      0x7b9 ./Core/Src/stm32f1xx_it.o
 .debug_info    0x00000000000028cd      0x2be ./Core/Src/system_stm32f1xx.o
 .debug_info    0x0000000000002b8b      0x7cf ./Core/Src/timer.o
 .debug_info    0x000000000000335a       0x22 ./Core/Startup/startup_stm32f103c6ux.o
 .debug_info    0x000000000000337c      0x74c ./Drivers/STM32F1xx_HAL_Driver/Src/stm32f1xx_hal.o
 .debug_info    0x0000000000003ac8      0xbbe ./Drivers/STM32F1xx_HAL_Driver/Src/stm32f1xx_hal_cortex.o
 .debug_info    0x0000000000004686      0x701 ./Drivers/STM32F1xx_HAL_Driver/Src/stm32f1xx_hal_gpio.o
 .debug_info    0x0000000000004d87      0x893 ./Drivers/STM32F1xx_HAL_Driver/Src/stm32f1xx_hal_rcc.o
 .debug_info    0x000000000000561a     0x2c32 ./Drivers/STM32F1xx_HAL_Driver/Src/stm32f1xx_hal_tim.o
 .debug_info    0x000000000000824c     0x157f ./Drivers/STM32F1xx_HAL_Driver/Src/stm32f1xx_hal_tim_ex.o

.debug_abbrev   0x0000000000000000     0x1b4b
 .debug_abbrev  0x0000000000000000       0x76 ./Core/Src/global.o
 .debug_abbrev  0x0000000000000076       0xf8 ./Core/Src/input_processing.o
 .debug_abbrev  0x000000000000016e      0x152 ./Core/Src/input_reading.o
 .debug_abbrev  0x00000000000002c0      0x1e1 ./Core/Src/led_display.o
 .debug_abbrev  0x00000000000004a1      0x21b ./Core/Src/main.o
 .debug_abbrev  0x00000000000006bc      0x1b7 ./Core/Src/stm32f1xx_hal_msp.o
 .debug_abbrev  0x0000000000000873      0x176 ./Core/Src/stm32f1xx_it.o
 .debug_abbrev  0x00000000000009e9      0x14e ./Core/Src/system_stm32f1xx.o
 .debug_abbrev  0x0000000000000b37      0x1e3 ./Core/Src/timer.o
 .debug_abbrev  0x0000000000000d1a       0x12 ./Core/Startup/startup_stm32f103c6ux.o
 .debug_abbrev  0x0000000000000d2c      0x1ed ./Drivers/STM32F1xx_HAL_Driver/Src/stm32f1xx_hal.o
 .debug_abbrev  0x0000000000000f19      0x313 ./Drivers/STM32F1xx_HAL_Driver/Src/stm32f1xx_hal_cortex.o
 .debug_abbrev  0x000000000000122c      0x1e8 ./Drivers/STM32F1xx_HAL_Driver/Src/stm32f1xx_hal_gpio.o
 .debug_abbrev  0x0000000000001414      0x273 ./Drivers/STM32F1xx_HAL_Driver/Src/stm32f1xx_hal_rcc.o
 .debug_abbrev  0x0000000000001687      0x25e ./Drivers/STM32F1xx_HAL_Driver/Src/stm32f1xx_hal_tim.o
 .debug_abbrev  0x00000000000018e5      0x266 ./Drivers/STM32F1xx_HAL_Driver/Src/stm32f1xx_hal_tim_ex.o

.debug_aranges  0x0000000000000000      0xa88
 .debug_aranges
                0x0000000000000000       0x28 ./Core/Src/global.o
 .debug_aranges
                0x0000000000000028       0x28 ./Core/Src/input_processing.o
 .debug_aranges
                0x0000000000000050       0x30 ./Core/Src/input_reading.o
 .debug_aranges
                0x0000000000000080       0xb0 ./Core/Src/led_display.o
 .debug_aranges
                0x0000000000000130       0x40 ./Core/Src/main.o
 .debug_aranges
                0x0000000000000170       0x30 ./Core/Src/stm32f1xx_hal_msp.o
 .debug_aranges
                0x00000000000001a0       0x68 ./Core/Src/stm32f1xx_it.o
 .debug_aranges
                0x0000000000000208       0x28 ./Core/Src/system_stm32f1xx.o
 .debug_aranges
                0x0000000000000230       0x30 ./Core/Src/timer.o
 .debug_aranges
                0x0000000000000260       0x28 ./Core/Startup/startup_stm32f103c6ux.o
 .debug_aranges
                0x0000000000000288       0xe0 ./Drivers/STM32F1xx_HAL_Driver/Src/stm32f1xx_hal.o
 .debug_aranges
                0x0000000000000368      0x100 ./Drivers/STM32F1xx_HAL_Driver/Src/stm32f1xx_hal_cortex.o
 .debug_aranges
                0x0000000000000468       0x58 ./Drivers/STM32F1xx_HAL_Driver/Src/stm32f1xx_hal_gpio.o
 .debug_aranges
                0x00000000000004c0       0x90 ./Drivers/STM32F1xx_HAL_Driver/Src/stm32f1xx_hal_rcc.o
 .debug_aranges
                0x0000000000000550      0x3d0 ./Drivers/STM32F1xx_HAL_Driver/Src/stm32f1xx_hal_tim.o
 .debug_aranges
                0x0000000000000920      0x168 ./Drivers/STM32F1xx_HAL_Driver/Src/stm32f1xx_hal_tim_ex.o

.debug_ranges   0x0000000000000000      0x990
 .debug_ranges  0x0000000000000000       0x18 ./Core/Src/global.o
 .debug_ranges  0x0000000000000018       0x18 ./Core/Src/input_processing.o
 .debug_ranges  0x0000000000000030       0x20 ./Core/Src/input_reading.o
 .debug_ranges  0x0000000000000050       0xa0 ./Core/Src/led_display.o
 .debug_ranges  0x00000000000000f0       0x30 ./Core/Src/main.o
 .debug_ranges  0x0000000000000120       0x20 ./Core/Src/stm32f1xx_hal_msp.o
 .debug_ranges  0x0000000000000140       0x58 ./Core/Src/stm32f1xx_it.o
 .debug_ranges  0x0000000000000198       0x18 ./Core/Src/system_stm32f1xx.o
 .debug_ranges  0x00000000000001b0       0x20 ./Core/Src/timer.o
 .debug_ranges  0x00000000000001d0       0x20 ./Core/Startup/startup_stm32f103c6ux.o
 .debug_ranges  0x00000000000001f0       0xd0 ./Drivers/STM32F1xx_HAL_Driver/Src/stm32f1xx_hal.o
 .debug_ranges  0x00000000000002c0       0xf0 ./Drivers/STM32F1xx_HAL_Driver/Src/stm32f1xx_hal_cortex.o
 .debug_ranges  0x00000000000003b0       0x48 ./Drivers/STM32F1xx_HAL_Driver/Src/stm32f1xx_hal_gpio.o
 .debug_ranges  0x00000000000003f8       0x80 ./Drivers/STM32F1xx_HAL_Driver/Src/stm32f1xx_hal_rcc.o
 .debug_ranges  0x0000000000000478      0x3c0 ./Drivers/STM32F1xx_HAL_Driver/Src/stm32f1xx_hal_tim.o
 .debug_ranges  0x0000000000000838      0x158 ./Drivers/STM32F1xx_HAL_Driver/Src/stm32f1xx_hal_tim_ex.o

.debug_macro    0x0000000000000000    0x16aa3
 .debug_macro   0x0000000000000000       0x1a ./Core/Src/global.o
 .debug_macro   0x000000000000001a      0xa9c ./Core/Src/global.o
 .debug_macro   0x0000000000000ab6       0x3a ./Core/Src/global.o
 .debug_macro   0x0000000000000af0      0x1d7 ./Core/Src/input_processing.o
 .debug_macro   0x0000000000000cc7      0x215 ./Core/Src/input_processing.o
 .debug_macro   0x0000000000000edc       0x2e ./Core/Src/input_processing.o
 .debug_macro   0x0000000000000f0a       0x22 ./Core/Src/input_processing.o
 .debug_macro   0x0000000000000f2c       0x22 ./Core/Src/input_processing.o
 .debug_macro   0x0000000000000f4e       0x8e ./Core/Src/input_processing.o
 .debug_macro   0x0000000000000fdc       0x51 ./Core/Src/input_processing.o
 .debug_macro   0x000000000000102d      0x103 ./Core/Src/input_processing.o
 .debug_macro   0x0000000000001130       0x6a ./Core/Src/input_processing.o
 .debug_macro   0x000000000000119a      0x1df ./Core/Src/input_processing.o
 .debug_macro   0x0000000000001379       0x1c ./Core/Src/input_processing.o
 .debug_macro   0x0000000000001395       0x22 ./Core/Src/input_processing.o
 .debug_macro   0x00000000000013b7       0xc3 ./Core/Src/input_processing.o
 .debug_macro   0x000000000000147a      0xd23 ./Core/Src/input_processing.o
 .debug_macro   0x000000000000219d     0xde75 ./Core/Src/input_processing.o
 .debug_macro   0x0000000000010012       0x6d ./Core/Src/input_processing.o
 .debug_macro   0x000000000001007f     0x34a2 ./Core/Src/input_processing.o
 .debug_macro   0x0000000000013521      0x174 ./Core/Src/input_processing.o
 .debug_macro   0x0000000000013695       0x5c ./Core/Src/input_processing.o
 .debug_macro   0x00000000000136f1      0x5bc ./Core/Src/input_processing.o
 .debug_macro   0x0000000000013cad      0x1b7 ./Core/Src/input_processing.o
 .debug_macro   0x0000000000013e64      0x1cb ./Core/Src/input_processing.o
 .debug_macro   0x000000000001402f      0x114 ./Core/Src/input_processing.o
 .debug_macro   0x0000000000014143      0x1b2 ./Core/Src/input_processing.o
 .debug_macro   0x00000000000142f5       0x27 ./Core/Src/input_processing.o
 .debug_macro   0x000000000001431c      0x12f ./Core/Src/input_processing.o
 .debug_macro   0x000000000001444b      0x1bc ./Core/Src/input_processing.o
 .debug_macro   0x0000000000014607       0x34 ./Core/Src/input_processing.o
 .debug_macro   0x000000000001463b       0x3c ./Core/Src/input_processing.o
 .debug_macro   0x0000000000014677       0x57 ./Core/Src/input_processing.o
 .debug_macro   0x00000000000146ce       0x87 ./Core/Src/input_processing.o
 .debug_macro   0x0000000000014755      0x183 ./Core/Src/input_processing.o
 .debug_macro   0x00000000000148d8      0x140 ./Core/Src/input_processing.o
 .debug_macro   0x0000000000014a18      0x8ed ./Core/Src/input_processing.o
 .debug_macro   0x0000000000015305       0x69 ./Core/Src/input_processing.o
 .debug_macro   0x000000000001536e      0x100 ./Core/Src/input_processing.o
 .debug_macro   0x000000000001546e      0x1be ./Core/Src/input_reading.o
 .debug_macro   0x000000000001562c      0x1c3 ./Core/Src/led_display.o
 .debug_macro   0x00000000000157ef      0x1eb ./Core/Src/main.o
 .debug_macro   0x00000000000159da      0x1a6 ./Core/Src/stm32f1xx_hal_msp.o
 .debug_macro   0x0000000000015b80      0x1b0 ./Core/Src/stm32f1xx_it.o
 .debug_macro   0x0000000000015d30      0x197 ./Core/Src/system_stm32f1xx.o
 .debug_macro   0x0000000000015ec7      0x1b0 ./Core/Src/timer.o
 .debug_macro   0x0000000000016077      0x1bb ./Drivers/STM32F1xx_HAL_Driver/Src/stm32f1xx_hal.o
 .debug_macro   0x0000000000016232      0x197 ./Drivers/STM32F1xx_HAL_Driver/Src/stm32f1xx_hal_cortex.o
 .debug_macro   0x00000000000163c9      0x202 ./Drivers/STM32F1xx_HAL_Driver/Src/stm32f1xx_hal_gpio.o
 .debug_macro   0x00000000000165cb      0x1a9 ./Drivers/STM32F1xx_HAL_Driver/Src/stm32f1xx_hal_rcc.o
 .debug_macro   0x0000000000016774      0x198 ./Drivers/STM32F1xx_HAL_Driver/Src/stm32f1xx_hal_tim.o
 .debug_macro   0x000000000001690c      0x197 ./Drivers/STM32F1xx_HAL_Driver/Src/stm32f1xx_hal_tim_ex.o

.debug_line     0x0000000000000000     0xb268
 .debug_line    0x0000000000000000       0x85 ./Core/Src/global.o
 .debug_line    0x0000000000000085      0x713 ./Core/Src/input_processing.o
 .debug_line    0x0000000000000798      0x6f2 ./Core/Src/input_reading.o
 .debug_line    0x0000000000000e8a      0x9cf ./Core/Src/led_display.o
 .debug_line    0x0000000000001859      0x7bb ./Core/Src/main.o
 .debug_line    0x0000000000002014      0x6a1 ./Core/Src/stm32f1xx_hal_msp.o
 .debug_line    0x00000000000026b5      0x73f ./Core/Src/stm32f1xx_it.o
 .debug_line    0x0000000000002df4      0x6e3 ./Core/Src/system_stm32f1xx.o
 .debug_line    0x00000000000034d7      0x6cd ./Core/Src/timer.o
 .debug_line    0x0000000000003ba4       0x86 ./Core/Startup/startup_stm32f103c6ux.o
 .debug_line    0x0000000000003c2a      0x910 ./Drivers/STM32F1xx_HAL_Driver/Src/stm32f1xx_hal.o
 .debug_line    0x000000000000453a      0xaf8 ./Drivers/STM32F1xx_HAL_Driver/Src/stm32f1xx_hal_cortex.o
 .debug_line    0x0000000000005032      0x993 ./Drivers/STM32F1xx_HAL_Driver/Src/stm32f1xx_hal_gpio.o
 .debug_line    0x00000000000059c5      0xd1c ./Drivers/STM32F1xx_HAL_Driver/Src/stm32f1xx_hal_rcc.o
 .debug_line    0x00000000000066e1     0x3361 ./Drivers/STM32F1xx_HAL_Driver/Src/stm32f1xx_hal_tim.o
 .debug_line    0x0000000000009a42     0x1826 ./Drivers/STM32F1xx_HAL_Driver/Src/stm32f1xx_hal_tim_ex.o

.debug_str      0x0000000000000000    0x8255f
 .debug_str     0x0000000000000000     0x2e47 ./Core/Src/global.o
                                       0x2e50 (size before relaxing)
 .debug_str     0x0000000000002e47    0x7cb2d ./Core/Src/input_processing.o
                                      0x7fc82 (size before relaxing)
 .debug_str     0x000000000007f974      0x160 ./Core/Src/input_reading.o
                                      0x7fc4a (size before relaxing)
 .debug_str     0x000000000007fad4      0x11f ./Core/Src/led_display.o
                                      0x7fd06 (size before relaxing)
 .debug_str     0x000000000007fbf3      0x6bc ./Core/Src/main.o
                                      0x80392 (size before relaxing)
 .debug_str     0x00000000000802af      0x2ba ./Core/Src/stm32f1xx_hal_msp.o
                                      0x802ea (size before relaxing)
 .debug_str     0x0000000000080569       0xcd ./Core/Src/stm32f1xx_it.o
                                      0x8004c (size before relaxing)
 .debug_str     0x0000000000080636       0x52 ./Core/Src/system_stm32f1xx.o
                                      0x7f788 (size before relaxing)
 .debug_str     0x0000000000080688       0x6c ./Core/Src/timer.o
                                      0x80006 (size before relaxing)
 .debug_str     0x00000000000806f4       0x36 ./Core/Startup/startup_stm32f103c6ux.o
                                         0x7c (size before relaxing)
 .debug_str     0x000000000008072a      0x304 ./Drivers/STM32F1xx_HAL_Driver/Src/stm32f1xx_hal.o
                                      0x7fddf (size before relaxing)
 .debug_str     0x0000000000080a2e      0x300 ./Drivers/STM32F1xx_HAL_Driver/Src/stm32f1xx_hal_cortex.o
                                      0x7fde7 (size before relaxing)
 .debug_str     0x0000000000080d2e      0x316 ./Drivers/STM32F1xx_HAL_Driver/Src/stm32f1xx_hal_gpio.o
                                      0x7fb4c (size before relaxing)
 .debug_str     0x0000000000081044      0x24f ./Drivers/STM32F1xx_HAL_Driver/Src/stm32f1xx_hal_rcc.o
                                      0x7fb85 (size before relaxing)
 .debug_str     0x0000000000081293      0xdde ./Drivers/STM32F1xx_HAL_Driver/Src/stm32f1xx_hal_tim.o
                                      0x80b6e (size before relaxing)
 .debug_str     0x0000000000082071      0x4ee ./Drivers/STM32F1xx_HAL_Driver/Src/stm32f1xx_hal_tim_ex.o
                                      0x8030f (size before relaxing)

.comment        0x0000000000000000       0x53
 .comment       0x0000000000000000       0x53 ./Core/Src/global.o
                                         0x54 (size before relaxing)
 .comment       0x0000000000000053       0x54 ./Core/Src/input_processing.o
 .comment       0x0000000000000053       0x54 ./Core/Src/input_reading.o
 .comment       0x0000000000000053       0x54 ./Core/Src/led_display.o
 .comment       0x0000000000000053       0x54 ./Core/Src/main.o
 .comment       0x0000000000000053       0x54 ./Core/Src/stm32f1xx_hal_msp.o
 .comment       0x0000000000000053       0x54 ./Core/Src/stm32f1xx_it.o
 .comment       0x0000000000000053       0x54 ./Core/Src/system_stm32f1xx.o
 .comment       0x0000000000000053       0x54 ./Core/Src/timer.o
 .comment       0x0000000000000053       0x54 ./Drivers/STM32F1xx_HAL_Driver/Src/stm32f1xx_hal.o
 .comment       0x0000000000000053       0x54 ./Drivers/STM32F1xx_HAL_Driver/Src/stm32f1xx_hal_cortex.o
 .comment       0x0000000000000053       0x54 ./Drivers/STM32F1xx_HAL_Driver/Src/stm32f1xx_hal_gpio.o
 .comment       0x0000000000000053       0x54 ./Drivers/STM32F1xx_HAL_Driver/Src/stm32f1xx_hal_rcc.o
 .comment       0x0000000000000053       0x54 ./Drivers/STM32F1xx_HAL_Driver/Src/stm32f1xx_hal_tim.o
 .comment       0x0000000000000053       0x54 ./Drivers/STM32F1xx_HAL_Driver/Src/stm32f1xx_hal_tim_ex.o

.debug_frame    0x0000000000000000     0x297c
 .debug_frame   0x0000000000000000       0x50 ./Core/Src/global.o
 .debug_frame   0x0000000000000050       0x48 ./Core/Src/input_processing.o
 .debug_frame   0x0000000000000098       0x84 ./Core/Src/input_reading.o
 .debug_frame   0x000000000000011c      0x23c ./Core/Src/led_display.o
 .debug_frame   0x0000000000000358       0xb0 ./Core/Src/main.o
 .debug_frame   0x0000000000000408       0x80 ./Core/Src/stm32f1xx_hal_msp.o
 .debug_frame   0x0000000000000488      0x120 ./Core/Src/stm32f1xx_it.o
 .debug_frame   0x00000000000005a8       0x58 ./Core/Src/system_stm32f1xx.o
 .debug_frame   0x0000000000000600       0x84 ./Core/Src/timer.o
 .debug_frame   0x0000000000000684      0x334 ./Drivers/STM32F1xx_HAL_Driver/Src/stm32f1xx_hal.o
 .debug_frame   0x00000000000009b8      0x428 ./Drivers/STM32F1xx_HAL_Driver/Src/stm32f1xx_hal_cortex.o
 .debug_frame   0x0000000000000de0      0x14c ./Drivers/STM32F1xx_HAL_Driver/Src/stm32f1xx_hal_gpio.o
 .debug_frame   0x0000000000000f2c      0x218 ./Drivers/STM32F1xx_HAL_Driver/Src/stm32f1xx_hal_rcc.o
 .debug_frame   0x0000000000001144     0x11b4 ./Drivers/STM32F1xx_HAL_Driver/Src/stm32f1xx_hal_tim.o
 .debug_frame   0x00000000000022f8      0x638 ./Drivers/STM32F1xx_HAL_Driver/Src/stm32f1xx_hal_tim_ex.o
 .debug_frame   0x0000000000002930       0x2c c:/st/stm32cubeide_1.7.0/stm32cubeide/plugins/com.st.stm32cube.ide.mcu.externaltools.gnu-tools-for-stm32.9-2020-q2-update.win32_2.0.0.202105311346/tools/bin/../lib/gcc/arm-none-eabi/9.3.1/../../../../arm-none-eabi/lib/thumb/v7-m/nofp\libc_nano.a(lib_a-init.o)
 .debug_frame   0x000000000000295c       0x20 c:/st/stm32cubeide_1.7.0/stm32cubeide/plugins/com.st.stm32cube.ide.mcu.externaltools.gnu-tools-for-stm32.9-2020-q2-update.win32_2.0.0.202105311346/tools/bin/../lib/gcc/arm-none-eabi/9.3.1/../../../../arm-none-eabi/lib/thumb/v7-m/nofp\libc_nano.a(lib_a-memset.o)
