led_display.c:11:6:initColor1	8	static
led_display.c:16:6:setRed1	8	static
led_display.c:21:6:setAmber1	8	static
led_display.c:26:6:setGreen1	8	static
led_display.c:33:6:initColor2	8	static
led_display.c:38:6:setRed2	8	static
led_display.c:43:6:setAmber2	8	static
led_display.c:48:6:setGreen2	8	static
led_display.c:54:6:display7SEG	16	static
led_display.c:158:6:init7SEG	8	static
led_display.c:168:6:toggleRed	8	static
led_display.c:176:6:toggleAmber	8	static
led_display.c:184:6:toggleGreen	8	static
led_display.c:199:6:resetCountValue	4	static
led_display.c:206:6:normalMode	8	static
led_display.c:261:12:get7SEG1Value	4	static
led_display.c:280:12:get7SEG2Value	4	static
led_display.c:300:6:ledDispMode	8	static
led_display.c:331:6:ledScanning	8	static
